// Jest Snapshot v1, https://goo.gl/fbAQLP

exports[`<Navbar /> snapshot 1`] = `
<DocumentFragment>
  <nav
    class="sc-bcXHqe bRiwpQ"
  >
    <div
      class="sc-gswNZR kROPbl"
    >
      <div
        class="sc-dkrFOg sc-eDvSVe fyYHLd"
      >
        <span>
          <a
            aria-current="page"
            class="sc-hLBbgP dewWss active"
            href="/"
          >
            <logo.svg
              height="32px"
              width="32px"
            />
          </a>
        </span>
        <span>
          <a
            aria-current="page"
            class="sc-hLBbgP dewWss active"
            href="/"
          >
            Recent Articles
          </a>
        </span>
        <span>
          <a
            class="sc-hLBbgP dewWss"
            href="/about"
          >
            About
          </a>
        </span>
      </div>
      <div
        class="sc-dkrFOg sc-jSUZER fyYHLd bSnNRB"
      >
        <span>
          <a
            class="sc-hLBbgP dewWss"
            href="/login"
          >
            Log in
          </a>
        </span>
      </div>
    </div>
  </nav>
  <div
    class="sc-gKPRtg cTckiS"
  />
</DocumentFragment>
`;
