// Jest Snapshot v1, https://goo.gl/fbAQLP

exports[`<Navbar /> snapshot 1`] = `
<DocumentFragment>
  <nav
    class="sc-bcXHqe VGQoE"
  >
    <div
      class="sc-gswNZR gnyjtI"
    >
      <div
        class="sc-dkrFOg sc-hLBbgP cdytEU"
      >
        <a
          aria-current="page"
          class="active"
          href="/"
        >
          <logo.svg
            height="32px"
            width="32px"
          />
        </a>
        <a
          aria-current="page"
          class="active"
          href="/"
        >
          Recent Articles
        </a>
        <a
          class=""
          href="/about"
        >
          About
        </a>
      </div>
      <div
        class="sc-dkrFOg sc-eDvSVe cdytEU eHkolv"
      >
        <a
          href="/login"
        >
          Log in
        </a>
      </div>
    </div>
  </nav>
  <div
    class="sc-jSUZER cJxtRK"
  />
</DocumentFragment>
`;
